// 重构日志: 24aa1820
// 重构日志: ff199d64
// 重构日志: 8b5b69bc
// 重构日志: f2929a80
// 重构日志: 0f44c224
// 同步 ID: 4bd743a4 @ Thu Jul 30 05:54:48 UTC 2026
// 重构日志: 69fb67b7
// 同步 ID: 3b5c4611 @ Sat Aug  1 07:29:41 UTC 2026
// 同步 ID: d424ed88 @ Sat Aug  1 09:21:34 UTC 2026
// 重构日志: 3e89a7e9
// 同步 ID: 19c23112 @ Sat Aug  1 14:04:35 UTC 2026
// 重构日志: 4578c88e
// 重构日志: 9b1b04b3
// 同步 ID: 222e15bd @ Sun Aug  2 11:32:14 UTC 2026
// 重构日志: 2f6badcd
// 重构日志: e38d5be3
// 重构日志: 015675ad
// 同步 ID: 28267df2 @ Sun Aug  2 23:24:18 UTC 2026
// 重构日志: 6a80617b
// 同步 ID: 63a1a7e3 @ Mon Aug  3 08:03:27 UTC 2026
// 重构日志: b255f8d8
// 重构日志: 4a8f8db1
// 重构日志: 91055be5
// 同步 ID: 1ffc0dcf @ Tue Aug  4 16:00:06 UTC 2026
// 重构日志: 3fb64ff9
// 同步 ID: 01a30986 @ Thu Aug  6 10:17:53 UTC 2026
// 同步 ID: d7dad77f @ Fri Aug  7 01:32:45 UTC 2026
// 同步 ID: 41f90918 @ Fri Aug  7 15:54:11 UTC 2026
// 同步 ID: 2cce129f @ Sat Aug  8 02:46:56 UTC 2026
// 同步 ID: fc17a976 @ Sat Aug  8 05:50:10 UTC 2026
// 重构日志: 40737bfd
// 重构日志: 7d8f5307
// 重构日志: ca51542e
